2026-06-14 13:24:33,870 ERROR bot token is missing
2026-06-14 13:34:06,268 ERROR telegram token check failed: HTTP Error 401: Unauthorized
Traceback (most recent call last):
  File "C:\Users\arsen\Desktop\Codes\EnglishCard\bot\englishbot.py", line 259, in main
    me = get_me(token)
  File "C:\Users\arsen\Desktop\Codes\EnglishCard\bot\englishbot.py", line 96, in get_me
    return telegram(token, "getMe")["result"]
           ~~~~~~~~^^^^^^^^^^^^^^^^
  File "C:\Users\arsen\Desktop\Codes\EnglishCard\bot\englishbot.py", line 77, in telegram
    with urlopen(request, timeout=35) as response:
         ~~~~~~~^^^^^^^^^^^^^^^^^^^^^
  File "C:\Users\arsen\AppData\Local\Python\pythoncore-3.14-64\Lib\urllib\request.py", line 187, in urlopen
    return opener.open(url, data, timeout)
           ~~~~~~~~~~~^^^^^^^^^^^^^^^^^^^^
  File "C:\Users\arsen\AppData\Local\Python\pythoncore-3.14-64\Lib\urllib\request.py", line 493, in open
    response = meth(req, response)
  File "C:\Users\arsen\AppData\Local\Python\pythoncore-3.14-64\Lib\urllib\request.py", line 602, in http_response
    response = self.parent.error(
        'http', request, response, code, msg, hdrs)
  File "C:\Users\arsen\AppData\Local\Python\pythoncore-3.14-64\Lib\urllib\request.py", line 531, in error
    return self._call_chain(*args)
           ~~~~~~~~~~~~~~~~^^^^^^^
  File "C:\Users\arsen\AppData\Local\Python\pythoncore-3.14-64\Lib\urllib\request.py", line 464, in _call_chain
    result = func(*args)
  File "C:\Users\arsen\AppData\Local\Python\pythoncore-3.14-64\Lib\urllib\request.py", line 611, in http_error_default
    raise HTTPError(req.full_url, code, msg, hdrs, fp)
urllib.error.HTTPError: HTTP Error 401: Unauthorized
2026-06-14 13:35:20,244 ERROR telegram token check failed: HTTP Error 401: Unauthorized
Traceback (most recent call last):
  File "C:\Users\arsen\Desktop\Codes\EnglishCard\bot\englishbot.py", line 259, in main
    me = get_me(token)
  File "C:\Users\arsen\Desktop\Codes\EnglishCard\bot\englishbot.py", line 96, in get_me
    return telegram(token, "getMe")["result"]
           ~~~~~~~~^^^^^^^^^^^^^^^^
  File "C:\Users\arsen\Desktop\Codes\EnglishCard\bot\englishbot.py", line 77, in telegram
    with urlopen(request, timeout=35) as response:
         ~~~~~~~^^^^^^^^^^^^^^^^^^^^^
  File "C:\Users\arsen\AppData\Local\Python\pythoncore-3.14-64\Lib\urllib\request.py", line 187, in urlopen
    return opener.open(url, data, timeout)
           ~~~~~~~~~~~^^^^^^^^^^^^^^^^^^^^
  File "C:\Users\arsen\AppData\Local\Python\pythoncore-3.14-64\Lib\urllib\request.py", line 493, in open
    response = meth(req, response)
  File "C:\Users\arsen\AppData\Local\Python\pythoncore-3.14-64\Lib\urllib\request.py", line 602, in http_response
    response = self.parent.error(
        'http', request, response, code, msg, hdrs)
  File "C:\Users\arsen\AppData\Local\Python\pythoncore-3.14-64\Lib\urllib\request.py", line 531, in error
    return self._call_chain(*args)
           ~~~~~~~~~~~~~~~~^^^^^^^
  File "C:\Users\arsen\AppData\Local\Python\pythoncore-3.14-64\Lib\urllib\request.py", line 464, in _call_chain
    result = func(*args)
  File "C:\Users\arsen\AppData\Local\Python\pythoncore-3.14-64\Lib\urllib\request.py", line 611, in http_error_default
    raise HTTPError(req.full_url, code, msg, hdrs, fp)
urllib.error.HTTPError: HTTP Error 401: Unauthorized
2026-06-14 13:43:51,393 INFO bot started as @english146_bot
2026-06-14 13:56:13,583 ERROR bad bot config
Traceback (most recent call last):
  File "C:\Users\arsen\Desktop\Codes\EnglishCard\bot\englishbot.py", line 60, in load_config
    config = json.loads(CONFIG_FILE.read_text(encoding="utf-8"))
  File "C:\Users\arsen\AppData\Local\Python\pythoncore-3.14-64\Lib\json\__init__.py", line 341, in loads
    raise JSONDecodeError("Unexpected UTF-8 BOM (decode using utf-8-sig)",
                          s, 0)
json.decoder.JSONDecodeError: Unexpected UTF-8 BOM (decode using utf-8-sig): line 1 column 1 (char 0)
2026-06-14 13:56:13,586 ERROR bot token is missing
2026-06-14 13:56:43,281 ERROR bad bot config
Traceback (most recent call last):
  File "C:\Users\arsen\Desktop\Codes\EnglishCard\bot\englishbot.py", line 60, in load_config
    config = json.loads(CONFIG_FILE.read_text(encoding="utf-8"))
  File "C:\Users\arsen\AppData\Local\Python\pythoncore-3.14-64\Lib\json\__init__.py", line 341, in loads
    raise JSONDecodeError("Unexpected UTF-8 BOM (decode using utf-8-sig)",
                          s, 0)
json.decoder.JSONDecodeError: Unexpected UTF-8 BOM (decode using utf-8-sig): line 1 column 1 (char 0)
2026-06-14 13:56:43,282 ERROR bot token is missing
2026-06-14 13:57:42,371 ERROR bad bot config
Traceback (most recent call last):
  File "C:\Users\arsen\Desktop\Codes\EnglishCard\bot\englishbot.py", line 60, in load_config
    config = json.loads(CONFIG_FILE.read_text(encoding="utf-8"))
  File "C:\Users\arsen\AppData\Local\Python\pythoncore-3.14-64\Lib\json\__init__.py", line 341, in loads
    raise JSONDecodeError("Unexpected UTF-8 BOM (decode using utf-8-sig)",
                          s, 0)
json.decoder.JSONDecodeError: Unexpected UTF-8 BOM (decode using utf-8-sig): line 1 column 1 (char 0)
2026-06-14 13:57:42,373 ERROR bot token is missing
2026-06-14 13:58:26,868 ERROR bad bot config
Traceback (most recent call last):
  File "C:\Users\arsen\Desktop\Codes\EnglishCard\bot\englishbot.py", line 60, in load_config
    config = json.loads(CONFIG_FILE.read_text(encoding="utf-8"))
  File "C:\Users\arsen\AppData\Local\Python\pythoncore-3.14-64\Lib\json\__init__.py", line 341, in loads
    raise JSONDecodeError("Unexpected UTF-8 BOM (decode using utf-8-sig)",
                          s, 0)
json.decoder.JSONDecodeError: Unexpected UTF-8 BOM (decode using utf-8-sig): line 1 column 1 (char 0)
2026-06-14 13:58:26,870 ERROR bot token is missing
2026-06-14 13:58:55,612 ERROR bad bot config
Traceback (most recent call last):
  File "C:\Users\arsen\Desktop\Codes\EnglishCard\bot\englishbot.py", line 60, in load_config
    config = json.loads(CONFIG_FILE.read_text(encoding="utf-8"))
  File "C:\Users\arsen\AppData\Local\Python\pythoncore-3.14-64\Lib\json\__init__.py", line 341, in loads
    raise JSONDecodeError("Unexpected UTF-8 BOM (decode using utf-8-sig)",
                          s, 0)
json.decoder.JSONDecodeError: Unexpected UTF-8 BOM (decode using utf-8-sig): line 1 column 1 (char 0)
2026-06-14 13:58:55,614 ERROR bot token is missing
2026-06-14 14:01:44,233 INFO bot started as @english146_bot
2026-06-14 14:07:27,166 WARNING blocked unauthorized message from user_id=764156866 chat_id=764156866
2026-06-14 14:07:27,167 WARNING blocked unauthorized message from user_id=764156866 chat_id=764156866
2026-06-14 14:08:27,305 WARNING blocked unauthorized message from user_id=764156866 chat_id=764156866
2026-06-14 14:08:27,305 WARNING blocked unauthorized message from user_id=764156866 chat_id=764156866
2026-06-14 14:08:27,306 WARNING blocked unauthorized message from user_id=764156866 chat_id=764156866
2026-06-14 14:08:27,306 WARNING blocked unauthorized message from user_id=764156866 chat_id=764156866
2026-06-14 14:12:40,853 ERROR telegram token check failed: <urlopen error [SSL: CERTIFICATE_VERIFY_FAILED] certificate verify failed: Basic Constraints of CA cert not marked critical (_ssl.c:1081)>
Traceback (most recent call last):
  File "C:\Users\arsen\AppData\Local\Python\pythoncore-3.14-64\Lib\urllib\request.py", line 1321, in do_open
    h.request(req.get_method(), req.selector, req.data, headers,
    ~~~~~~~~~^^^^^^^^^^^^^^^^^^^^^^^^^^^^^^^^^^^^^^^^^^^^^^^^^^^
              encode_chunked=req.has_header('Transfer-encoding'))
              ^^^^^^^^^^^^^^^^^^^^^^^^^^^^^^^^^^^^^^^^^^^^^^^^^^^
  File "C:\Users\arsen\AppData\Local\Python\pythoncore-3.14-64\Lib\http\client.py", line 1358, in request
    self._send_request(method, url, body, headers, encode_chunked)
    ~~~~~~~~~~~~~~~~~~^^^^^^^^^^^^^^^^^^^^^^^^^^^^^^^^^^^^^^^^^^^^
  File "C:\Users\arsen\AppData\Local\Python\pythoncore-3.14-64\Lib\http\client.py", line 1404, in _send_request
    self.endheaders(body, encode_chunked=encode_chunked)
    ~~~~~~~~~~~~~~~^^^^^^^^^^^^^^^^^^^^^^^^^^^^^^^^^^^^^
  File "C:\Users\arsen\AppData\Local\Python\pythoncore-3.14-64\Lib\http\client.py", line 1353, in endheaders
    self._send_output(message_body, encode_chunked=encode_chunked)
    ~~~~~~~~~~~~~~~~~^^^^^^^^^^^^^^^^^^^^^^^^^^^^^^^^^^^^^^^^^^^^^
  File "C:\Users\arsen\AppData\Local\Python\pythoncore-3.14-64\Lib\http\client.py", line 1113, in _send_output
    self.send(msg)
    ~~~~~~~~~^^^^^
  File "C:\Users\arsen\AppData\Local\Python\pythoncore-3.14-64\Lib\http\client.py", line 1057, in send
    self.connect()
    ~~~~~~~~~~~~^^
  File "C:\Users\arsen\AppData\Local\Python\pythoncore-3.14-64\Lib\http\client.py", line 1499, in connect
    self.sock = self._context.wrap_socket(self.sock,
                ~~~~~~~~~~~~~~~~~~~~~~~~~^^^^^^^^^^^
                                          server_hostname=server_hostname)
                                          ^^^^^^^^^^^^^^^^^^^^^^^^^^^^^^^^
  File "C:\Users\arsen\AppData\Local\Python\pythoncore-3.14-64\Lib\ssl.py", line 455, in wrap_socket
    return self.sslsocket_class._create(
           ~~~~~~~~~~~~~~~~~~~~~~~~~~~~^
        sock=sock,
        ^^^^^^^^^^
    ...<5 lines>...
        session=session
        ^^^^^^^^^^^^^^^
    )
    ^
  File "C:\Users\arsen\AppData\Local\Python\pythoncore-3.14-64\Lib\ssl.py", line 1076, in _create
    self.do_handshake()
    ~~~~~~~~~~~~~~~~~^^
  File "C:\Users\arsen\AppData\Local\Python\pythoncore-3.14-64\Lib\ssl.py", line 1372, in do_handshake
    self._sslobj.do_handshake()
    ~~~~~~~~~~~~~~~~~~~~~~~~~^^
ssl.SSLCertVerificationError: [SSL: CERTIFICATE_VERIFY_FAILED] certificate verify failed: Basic Constraints of CA cert not marked critical (_ssl.c:1081)

During handling of the above exception, another exception occurred:

Traceback (most recent call last):
  File "C:\Users\arsen\Desktop\Codes\EnglishCard\bot\englishbot.py", line 521, in main
    me = get_me(token)
  File "C:\Users\arsen\Desktop\Codes\EnglishCard\bot\englishbot.py", line 161, in get_me
    return telegram(token, "getMe")["result"]
           ~~~~~~~~^^^^^^^^^^^^^^^^
  File "C:\Users\arsen\Desktop\Codes\EnglishCard\bot\englishbot.py", line 133, in telegram
    with urlopen(request, timeout=35) as response:
         ~~~~~~~^^^^^^^^^^^^^^^^^^^^^
  File "C:\Users\arsen\AppData\Local\Python\pythoncore-3.14-64\Lib\urllib\request.py", line 187, in urlopen
    return opener.open(url, data, timeout)
           ~~~~~~~~~~~^^^^^^^^^^^^^^^^^^^^
  File "C:\Users\arsen\AppData\Local\Python\pythoncore-3.14-64\Lib\urllib\request.py", line 487, in open
    response = self._open(req, data)
  File "C:\Users\arsen\AppData\Local\Python\pythoncore-3.14-64\Lib\urllib\request.py", line 504, in _open
    result = self._call_chain(self.handle_open, protocol, protocol +
                              '_open', req)
  File "C:\Users\arsen\AppData\Local\Python\pythoncore-3.14-64\Lib\urllib\request.py", line 464, in _call_chain
    result = func(*args)
  File "C:\Users\arsen\AppData\Local\Python\pythoncore-3.14-64\Lib\urllib\request.py", line 1369, in https_open
    return self.do_open(http.client.HTTPSConnection, req,
           ~~~~~~~~~~~~^^^^^^^^^^^^^^^^^^^^^^^^^^^^^^^^^^
                        context=self._context)
                        ^^^^^^^^^^^^^^^^^^^^^^
  File "C:\Users\arsen\AppData\Local\Python\pythoncore-3.14-64\Lib\urllib\request.py", line 1324, in do_open
    raise URLError(err)
urllib.error.URLError: <urlopen error [SSL: CERTIFICATE_VERIFY_FAILED] certificate verify failed: Basic Constraints of CA cert not marked critical (_ssl.c:1081)>
2026-06-14 14:12:50,298 ERROR telegram token check failed: <urlopen error [SSL: CERTIFICATE_VERIFY_FAILED] certificate verify failed: Basic Constraints of CA cert not marked critical (_ssl.c:1081)>
Traceback (most recent call last):
  File "C:\Users\arsen\AppData\Local\Python\pythoncore-3.14-64\Lib\urllib\request.py", line 1321, in do_open
    h.request(req.get_method(), req.selector, req.data, headers,
    ~~~~~~~~~^^^^^^^^^^^^^^^^^^^^^^^^^^^^^^^^^^^^^^^^^^^^^^^^^^^
              encode_chunked=req.has_header('Transfer-encoding'))
              ^^^^^^^^^^^^^^^^^^^^^^^^^^^^^^^^^^^^^^^^^^^^^^^^^^^
  File "C:\Users\arsen\AppData\Local\Python\pythoncore-3.14-64\Lib\http\client.py", line 1358, in request
    self._send_request(method, url, body, headers, encode_chunked)
    ~~~~~~~~~~~~~~~~~~^^^^^^^^^^^^^^^^^^^^^^^^^^^^^^^^^^^^^^^^^^^^
  File "C:\Users\arsen\AppData\Local\Python\pythoncore-3.14-64\Lib\http\client.py", line 1404, in _send_request
    self.endheaders(body, encode_chunked=encode_chunked)
    ~~~~~~~~~~~~~~~^^^^^^^^^^^^^^^^^^^^^^^^^^^^^^^^^^^^^
  File "C:\Users\arsen\AppData\Local\Python\pythoncore-3.14-64\Lib\http\client.py", line 1353, in endheaders
    self._send_output(message_body, encode_chunked=encode_chunked)
    ~~~~~~~~~~~~~~~~~^^^^^^^^^^^^^^^^^^^^^^^^^^^^^^^^^^^^^^^^^^^^^
  File "C:\Users\arsen\AppData\Local\Python\pythoncore-3.14-64\Lib\http\client.py", line 1113, in _send_output
    self.send(msg)
    ~~~~~~~~~^^^^^
  File "C:\Users\arsen\AppData\Local\Python\pythoncore-3.14-64\Lib\http\client.py", line 1057, in send
    self.connect()
    ~~~~~~~~~~~~^^
  File "C:\Users\arsen\AppData\Local\Python\pythoncore-3.14-64\Lib\http\client.py", line 1499, in connect
    self.sock = self._context.wrap_socket(self.sock,
                ~~~~~~~~~~~~~~~~~~~~~~~~~^^^^^^^^^^^
                                          server_hostname=server_hostname)
                                          ^^^^^^^^^^^^^^^^^^^^^^^^^^^^^^^^
  File "C:\Users\arsen\AppData\Local\Python\pythoncore-3.14-64\Lib\ssl.py", line 455, in wrap_socket
    return self.sslsocket_class._create(
           ~~~~~~~~~~~~~~~~~~~~~~~~~~~~^
        sock=sock,
        ^^^^^^^^^^
    ...<5 lines>...
        session=session
        ^^^^^^^^^^^^^^^
    )
    ^
  File "C:\Users\arsen\AppData\Local\Python\pythoncore-3.14-64\Lib\ssl.py", line 1076, in _create
    self.do_handshake()
    ~~~~~~~~~~~~~~~~~^^
  File "C:\Users\arsen\AppData\Local\Python\pythoncore-3.14-64\Lib\ssl.py", line 1372, in do_handshake
    self._sslobj.do_handshake()
    ~~~~~~~~~~~~~~~~~~~~~~~~~^^
ssl.SSLCertVerificationError: [SSL: CERTIFICATE_VERIFY_FAILED] certificate verify failed: Basic Constraints of CA cert not marked critical (_ssl.c:1081)

During handling of the above exception, another exception occurred:

Traceback (most recent call last):
  File "C:\Users\arsen\Desktop\Codes\EnglishCard\bot\englishbot.py", line 521, in main
    me = get_me(token)
  File "C:\Users\arsen\Desktop\Codes\EnglishCard\bot\englishbot.py", line 161, in get_me
    return telegram(token, "getMe")["result"]
           ~~~~~~~~^^^^^^^^^^^^^^^^
  File "C:\Users\arsen\Desktop\Codes\EnglishCard\bot\englishbot.py", line 133, in telegram
    with urlopen(request, timeout=35) as response:
         ~~~~~~~^^^^^^^^^^^^^^^^^^^^^
  File "C:\Users\arsen\AppData\Local\Python\pythoncore-3.14-64\Lib\urllib\request.py", line 187, in urlopen
    return opener.open(url, data, timeout)
           ~~~~~~~~~~~^^^^^^^^^^^^^^^^^^^^
  File "C:\Users\arsen\AppData\Local\Python\pythoncore-3.14-64\Lib\urllib\request.py", line 487, in open
    response = self._open(req, data)
  File "C:\Users\arsen\AppData\Local\Python\pythoncore-3.14-64\Lib\urllib\request.py", line 504, in _open
    result = self._call_chain(self.handle_open, protocol, protocol +
                              '_open', req)
  File "C:\Users\arsen\AppData\Local\Python\pythoncore-3.14-64\Lib\urllib\request.py", line 464, in _call_chain
    result = func(*args)
  File "C:\Users\arsen\AppData\Local\Python\pythoncore-3.14-64\Lib\urllib\request.py", line 1369, in https_open
    return self.do_open(http.client.HTTPSConnection, req,
           ~~~~~~~~~~~~^^^^^^^^^^^^^^^^^^^^^^^^^^^^^^^^^^
                        context=self._context)
                        ^^^^^^^^^^^^^^^^^^^^^^
  File "C:\Users\arsen\AppData\Local\Python\pythoncore-3.14-64\Lib\urllib\request.py", line 1324, in do_open
    raise URLError(err)
urllib.error.URLError: <urlopen error [SSL: CERTIFICATE_VERIFY_FAILED] certificate verify failed: Basic Constraints of CA cert not marked critical (_ssl.c:1081)>
2026-06-14 14:14:45,257 WARNING telegram ssl verification is disabled
2026-06-14 14:14:56,176 WARNING telegram ssl verification is disabled
2026-06-14 14:14:56,333 INFO bot started as @english146_bot
2026-06-14 14:15:09,458 WARNING telegram ssl verification is disabled
2026-06-14 14:15:09,616 INFO bot started as @english146_bot
2026-06-14 14:15:27,622 WARNING telegram ssl verification is disabled
2026-06-14 14:15:28,138 INFO bot started as @english146_bot
2026-06-14 14:16:12,749 WARNING telegram ssl verification is disabled
2026-06-14 14:16:13,215 INFO bot started as @english146_bot
2026-06-14 14:16:42,649 WARNING telegram ssl verification is disabled
2026-06-14 14:16:42,818 INFO bot started as @english146_bot
2026-06-14 14:17:15,007 WARNING telegram ssl verification is disabled
2026-06-14 14:17:15,462 INFO bot started as @english146_bot
2026-06-14 14:19:25,641 WARNING telegram ssl verification is disabled
2026-06-14 14:19:26,255 INFO bot started as @english146_bot
2026-06-14 14:38:12,199 WARNING blocked unauthorized message from user_id=692307533 chat_id=692307533
2026-06-14 14:38:33,700 WARNING blocked unauthorized message from user_id=692307533 chat_id=692307533
2026-06-14 14:39:10,444 WARNING blocked unauthorized message from user_id=692307533 chat_id=692307533
2026-06-14 14:39:33,694 WARNING blocked unauthorized message from user_id=692307533 chat_id=692307533
2026-06-14 14:43:04,298 INFO bot started as @english146_bot
2026-06-14 14:43:23,910 INFO bot started as @english146_bot
2026-06-14 14:44:54,312 INFO bot started as @english146_bot
2026-06-14 14:44:54,440 WARNING blocked unauthorized callback from user_id=692307533 chat_id=692307533
2026-06-14 14:44:54,576 WARNING blocked unauthorized callback from user_id=692307533 chat_id=692307533
2026-06-14 14:44:54,729 WARNING blocked unauthorized message from user_id=692307533 chat_id=692307533
2026-06-14 14:44:54,729 WARNING blocked unauthorized callback from user_id=692307533 chat_id=692307533
2026-06-14 14:45:02,916 WARNING blocked unauthorized callback from user_id=692307533 chat_id=692307533
2026-06-14 14:45:03,758 WARNING blocked unauthorized callback from user_id=692307533 chat_id=692307533
2026-06-14 14:45:05,494 WARNING blocked unauthorized callback from user_id=692307533 chat_id=692307533
2026-06-14 14:45:06,690 WARNING blocked unauthorized callback from user_id=692307533 chat_id=692307533
2026-06-14 14:45:06,984 WARNING blocked unauthorized callback from user_id=692307533 chat_id=692307533
2026-06-14 15:08:41,873 WARNING blocked unauthorized message from user_id=692307533 chat_id=692307533
